// Jest Snapshot v1, https://goo.gl/fbAQLP

exports[`FileUpload match snapshot 1`] = `
<FileUpload
  onChange={[MockFunction]}
>
  <Dropzone
    onDrop={[Function]}
  >
    <Dropzone__DropzoneWrapper
      isDragAccept={false}
      isDragActive={false}
      isDragReject={false}
      onBlur={[Function]}
      onClick={[Function]}
      onDragEnter={[Function]}
      onDragLeave={[Function]}
      onDragOver={[Function]}
      onDrop={[Function]}
      onFocus={[Function]}
      onKeyDown={[Function]}
      tabIndex={0}
    >
      <div
        className="Dropzone__DropzoneWrapper-j9e9j-0 fpLcaF"
        onBlur={[Function]}
        onClick={[Function]}
        onDragEnter={[Function]}
        onDragLeave={[Function]}
        onDragOver={[Function]}
        onDrop={[Function]}
        onFocus={[Function]}
        onKeyDown={[Function]}
        tabIndex={0}
      >
        <input
          accept="image/*,application/pdf,application/vnd.openxmlformats-officedocument.wordprocessingml.document"
          autoComplete="off"
          multiple={true}
          onChange={[Function]}
          onClick={[Function]}
          style={
            Object {
              "display": "none",
            }
          }
          tabIndex={-1}
          type="file"
        />
        <ForwardRef(WithStyles)
          component="span"
        >
          <ForwardRef(WithStyles)
            classes={
              Object {
                "body1": "jss9",
                "body2": "jss10",
                "button": "jss12",
                "caption": "jss11",
                "h1": "jss1",
                "h2": "jss2",
                "h3": "jss3",
                "h4": "jss4",
                "h5": "jss5",
                "h6": "jss6",
                "overline": "jss13",
                "subtitle1": "jss7",
                "subtitle2": "jss8",
              }
            }
            component="span"
          >
            <ForwardRef(Typography)
              classes={
                Object {
                  "alignCenter": "MuiTypography-alignCenter",
                  "alignJustify": "MuiTypography-alignJustify",
                  "alignLeft": "MuiTypography-alignLeft",
                  "alignRight": "MuiTypography-alignRight",
                  "body1": "MuiTypography-body1 jss9",
                  "body2": "MuiTypography-body2 jss10",
                  "button": "MuiTypography-button jss12",
                  "caption": "MuiTypography-caption jss11",
                  "colorError": "MuiTypography-colorError",
                  "colorInherit": "MuiTypography-colorInherit",
                  "colorPrimary": "MuiTypography-colorPrimary",
                  "colorSecondary": "MuiTypography-colorSecondary",
                  "colorTextPrimary": "MuiTypography-colorTextPrimary",
                  "colorTextSecondary": "MuiTypography-colorTextSecondary",
                  "displayBlock": "MuiTypography-displayBlock",
                  "displayInline": "MuiTypography-displayInline",
                  "gutterBottom": "MuiTypography-gutterBottom",
                  "h1": "MuiTypography-h1 jss1",
                  "h2": "MuiTypography-h2 jss2",
                  "h3": "MuiTypography-h3 jss3",
                  "h4": "MuiTypography-h4 jss4",
                  "h5": "MuiTypography-h5 jss5",
                  "h6": "MuiTypography-h6 jss6",
                  "noWrap": "MuiTypography-noWrap",
                  "overline": "MuiTypography-overline jss13",
                  "paragraph": "MuiTypography-paragraph",
                  "root": "MuiTypography-root",
                  "srOnly": "MuiTypography-srOnly",
                  "subtitle1": "MuiTypography-subtitle1 jss7",
                  "subtitle2": "MuiTypography-subtitle2 jss8",
                }
              }
              component="span"
            >
              <span
                className="MuiTypography-root MuiTypography-body1 jss9"
              >
                Drop files here or click to select.
              </span>
            </ForwardRef(Typography)>
          </ForwardRef(WithStyles)>
        </ForwardRef(WithStyles)>
      </div>
    </Dropzone__DropzoneWrapper>
  </Dropzone>
</FileUpload>
`;
